// Jest Snapshot v1, https://goo.gl/fbAQLP

exports[`Sample.vue renders correctly 1`] = `
<h1>
  
</h1>
`;
